BUILD rows=100000 table_bytes=4141056 indexed_bytes=19685376 index_ms=786.309
QUERY repeat=0 text=Blade owner=RareOwner material= cursor=0 indexed=true rows=8 exact=true ms=42.904
QUERY repeat=0 text=Blade owner=Nobody material= cursor=0 indexed=true rows=0 exact=true ms=30.398
QUERY repeat=0 text=C100000 owner= material= cursor=0 indexed=true rows=1 exact=true ms=0.788
QUERY repeat=0 text=SWORD owner=RareOwner material=diamond_sword cursor=0 indexed=true rows=6 exact=true ms=26.304
QUERY repeat=0 text=kiếm rồng owner= material= cursor=99900 indexed=true rows=19 exact=true ms=21.988
QUERY repeat=0 text=RareSuffix owner=RareOwner material=diamond_sword cursor=99990 indexed=true rows=1 exact=true ms=0.632
QUERY repeat=0 text=zz owner= material= cursor=0 indexed=false rows=0 exact=true ms=20.398
QUERY repeat=0 text=龍 owner= material= cursor=0 indexed=false rows=0 exact=true ms=24.192
QUERY repeat=0 text=Blade owner=Lan material=diamond_sword cursor=300 indexed=true rows=37 exact=true ms=46.475
QUERY repeat=0 text=not-present owner= material= cursor=0 indexed=true rows=0 exact=true ms=0.868
QUERY repeat=1 text=Blade owner=RareOwner material= cursor=0 indexed=true rows=8 exact=true ms=33.661
QUERY repeat=1 text=Blade owner=Nobody material= cursor=0 indexed=true rows=0 exact=true ms=37.726
QUERY repeat=1 text=C100000 owner= material= cursor=0 indexed=true rows=1 exact=true ms=0.740
QUERY repeat=1 text=SWORD owner=RareOwner material=diamond_sword cursor=0 indexed=true rows=6 exact=true ms=28.561
QUERY repeat=1 text=kiếm rồng owner= material= cursor=99900 indexed=true rows=19 exact=true ms=19.593
QUERY repeat=1 text=RareSuffix owner=RareOwner material=diamond_sword cursor=99990 indexed=true rows=1 exact=true ms=0.902
QUERY repeat=1 text=zz owner= material= cursor=0 indexed=false rows=0 exact=true ms=27.066
QUERY repeat=1 text=龍 owner= material= cursor=0 indexed=false rows=0 exact=true ms=22.352
QUERY repeat=1 text=Blade owner=Lan material=diamond_sword cursor=300 indexed=true rows=37 exact=true ms=46.580
QUERY repeat=1 text=not-present owner= material= cursor=0 indexed=true rows=0 exact=true ms=0.819
QUERY repeat=2 text=Blade owner=RareOwner material= cursor=0 indexed=true rows=8 exact=true ms=44.437
QUERY repeat=2 text=Blade owner=Nobody material= cursor=0 indexed=true rows=0 exact=true ms=36.388
QUERY repeat=2 text=C100000 owner= material= cursor=0 indexed=true rows=1 exact=true ms=0.962
QUERY repeat=2 text=SWORD owner=RareOwner material=diamond_sword cursor=0 indexed=true rows=6 exact=true ms=30.564
QUERY repeat=2 text=kiếm rồng owner= material= cursor=99900 indexed=true rows=19 exact=true ms=25.375
QUERY repeat=2 text=RareSuffix owner=RareOwner material=diamond_sword cursor=99990 indexed=true rows=1 exact=true ms=0.858
QUERY repeat=2 text=zz owner= material= cursor=0 indexed=false rows=0 exact=true ms=25.148
QUERY repeat=2 text=龍 owner= material= cursor=0 indexed=false rows=0 exact=true ms=23.421
QUERY repeat=2 text=Blade owner=Lan material=diamond_sword cursor=300 indexed=true rows=37 exact=true ms=47.179
QUERY repeat=2 text=not-present owner= material= cursor=0 indexed=true rows=0 exact=true ms=0.550
TOTAL attempts=30 exact=30 interrupted=0
COUNTEREXAMPLE source_only_update actual=1 indexed=0; exact residual cannot fix false negatives
WRITE sample=100 individual_commits indexed=false ms=898.352
WRITE sample=100 individual_commits indexed=true ms=1035.701
SYNTHETIC_ONLY completed; no migration or product writer proof DB=C:\Users\thanh\AppData\Local\Temp\itemguard-filtered-trigram-6082944176081404814\probe.db
