SYNTHETIC_ONLY directory=C:\Users\thanh\AppData\Local\Temp\itemguard-filtered-4444033370283211157
QUERY run=0 case=first repeat=0 status=OK rows=36 expected=36 query_ms=6.879 following_write_ms=11.119 reason=
QUERY run=0 case=first repeat=1 status=OK rows=36 expected=36 query_ms=1.516 following_write_ms=9.900 reason=
QUERY run=0 case=first repeat=2 status=OK rows=36 expected=36 query_ms=1.078 following_write_ms=9.919 reason=
QUERY run=0 case=common repeat=0 status=OK rows=36 expected=36 query_ms=1.240 following_write_ms=10.007 reason=
QUERY run=0 case=common repeat=1 status=OK rows=36 expected=36 query_ms=1.463 following_write_ms=10.025 reason=
QUERY run=0 case=common repeat=2 status=OK rows=36 expected=36 query_ms=1.122 following_write_ms=9.539 reason=
QUERY run=0 case=owner repeat=0 status=OK rows=36 expected=36 query_ms=1.156 following_write_ms=10.548 reason=
QUERY run=0 case=owner repeat=1 status=OK rows=36 expected=36 query_ms=1.062 following_write_ms=12.642 reason=
QUERY run=0 case=owner repeat=2 status=OK rows=36 expected=36 query_ms=0.783 following_write_ms=9.302 reason=
QUERY run=0 case=owner_sword repeat=0 status=OK rows=36 expected=36 query_ms=1.181 following_write_ms=9.857 reason=
QUERY run=0 case=owner_sword repeat=1 status=OK rows=36 expected=36 query_ms=1.114 following_write_ms=10.365 reason=
QUERY run=0 case=owner_sword repeat=2 status=OK rows=36 expected=36 query_ms=0.757 following_write_ms=10.390 reason=
QUERY run=0 case=unicode repeat=0 status=OK rows=36 expected=36 query_ms=3.411 following_write_ms=11.202 reason=
QUERY run=0 case=unicode repeat=1 status=OK rows=36 expected=36 query_ms=1.907 following_write_ms=10.277 reason=
QUERY run=0 case=unicode repeat=2 status=OK rows=36 expected=36 query_ms=2.541 following_write_ms=9.601 reason=
QUERY run=0 case=rare_tail repeat=0 status=INTERRUPT rows=-1 expected=1 query_ms=253.973 following_write_ms=11.312 reason=SQLITE_INTERRUPT
QUERY run=0 case=rare_tail repeat=1 status=INTERRUPT rows=-1 expected=1 query_ms=244.316 following_write_ms=24.635 reason=SQLITE_INTERRUPT
QUERY run=0 case=rare_tail repeat=2 status=INTERRUPT rows=-1 expected=1 query_ms=250.367 following_write_ms=24.468 reason=SQLITE_INTERRUPT
QUERY run=0 case=missing_text repeat=0 status=INTERRUPT rows=-1 expected=0 query_ms=236.448 following_write_ms=24.020 reason=SQLITE_INTERRUPT
QUERY run=0 case=missing_text repeat=1 status=INTERRUPT rows=-1 expected=0 query_ms=227.277 following_write_ms=24.323 reason=SQLITE_INTERRUPT
QUERY run=0 case=missing_text repeat=2 status=INTERRUPT rows=-1 expected=0 query_ms=250.280 following_write_ms=10.914 reason=SQLITE_INTERRUPT
QUERY run=0 case=code_contains_tail repeat=0 status=INTERRUPT rows=-1 expected=1 query_ms=250.352 following_write_ms=10.597 reason=SQLITE_INTERRUPT
QUERY run=0 case=code_contains_tail repeat=1 status=INTERRUPT rows=-1 expected=1 query_ms=250.538 following_write_ms=26.332 reason=SQLITE_INTERRUPT
QUERY run=0 case=code_contains_tail repeat=2 status=INTERRUPT rows=-1 expected=1 query_ms=250.332 following_write_ms=10.237 reason=SQLITE_INTERRUPT
QUERY run=0 case=missing_owner repeat=0 status=OK rows=0 expected=0 query_ms=19.280 following_write_ms=10.837 reason=
QUERY run=0 case=missing_owner repeat=1 status=OK rows=0 expected=0 query_ms=19.333 following_write_ms=10.021 reason=
QUERY run=0 case=missing_owner repeat=2 status=OK rows=0 expected=0 query_ms=18.004 following_write_ms=10.145 reason=
QUERY run=0 case=rare_bounded_cursor repeat=0 status=OK rows=1 expected=1 query_ms=0.812 following_write_ms=10.921 reason=
QUERY run=0 case=rare_bounded_cursor repeat=1 status=OK rows=1 expected=1 query_ms=0.514 following_write_ms=10.155 reason=
QUERY run=0 case=rare_bounded_cursor repeat=2 status=OK rows=1 expected=1 query_ms=0.616 following_write_ms=10.477 reason=
MIXED run=0 read=INTERRUPT writes=20 denied_readers=5 total_ms=451.402 write_p50_ms=359.026 write_max_ms=449.313
REOPEN run=0 tracked=100000 writes=50 exact=true
QUERY run=1 case=first repeat=0 status=OK rows=36 expected=36 query_ms=0.717 following_write_ms=9.272 reason=
QUERY run=1 case=first repeat=1 status=OK rows=36 expected=36 query_ms=0.659 following_write_ms=10.105 reason=
QUERY run=1 case=first repeat=2 status=OK rows=36 expected=36 query_ms=0.819 following_write_ms=10.358 reason=
QUERY run=1 case=common repeat=0 status=OK rows=36 expected=36 query_ms=0.832 following_write_ms=12.201 reason=
QUERY run=1 case=common repeat=1 status=OK rows=36 expected=36 query_ms=0.721 following_write_ms=10.297 reason=
QUERY run=1 case=common repeat=2 status=OK rows=36 expected=36 query_ms=0.705 following_write_ms=9.897 reason=
QUERY run=1 case=owner repeat=0 status=OK rows=36 expected=36 query_ms=0.659 following_write_ms=10.118 reason=
QUERY run=1 case=owner repeat=1 status=OK rows=36 expected=36 query_ms=0.885 following_write_ms=12.085 reason=
QUERY run=1 case=owner repeat=2 status=OK rows=36 expected=36 query_ms=0.933 following_write_ms=9.970 reason=
QUERY run=1 case=owner_sword repeat=0 status=OK rows=36 expected=36 query_ms=0.786 following_write_ms=9.814 reason=
QUERY run=1 case=owner_sword repeat=1 status=OK rows=36 expected=36 query_ms=0.613 following_write_ms=10.114 reason=
QUERY run=1 case=owner_sword repeat=2 status=OK rows=36 expected=36 query_ms=0.665 following_write_ms=10.040 reason=
QUERY run=1 case=unicode repeat=0 status=OK rows=36 expected=36 query_ms=1.453 following_write_ms=10.935 reason=
QUERY run=1 case=unicode repeat=1 status=OK rows=36 expected=36 query_ms=1.323 following_write_ms=10.865 reason=
QUERY run=1 case=unicode repeat=2 status=OK rows=36 expected=36 query_ms=1.521 following_write_ms=11.302 reason=
QUERY run=1 case=rare_tail repeat=0 status=INTERRUPT rows=-1 expected=1 query_ms=250.443 following_write_ms=35.611 reason=SQLITE_INTERRUPT
QUERY run=1 case=rare_tail repeat=1 status=INTERRUPT rows=-1 expected=1 query_ms=240.266 following_write_ms=27.709 reason=SQLITE_INTERRUPT
QUERY run=1 case=rare_tail repeat=2 status=INTERRUPT rows=-1 expected=1 query_ms=221.416 following_write_ms=27.638 reason=SQLITE_INTERRUPT
QUERY run=1 case=missing_text repeat=0 status=INTERRUPT rows=-1 expected=0 query_ms=250.383 following_write_ms=10.445 reason=SQLITE_INTERRUPT
QUERY run=1 case=missing_text repeat=1 status=INTERRUPT rows=-1 expected=0 query_ms=250.335 following_write_ms=10.452 reason=SQLITE_INTERRUPT
QUERY run=1 case=missing_text repeat=2 status=INTERRUPT rows=-1 expected=0 query_ms=250.408 following_write_ms=33.219 reason=SQLITE_INTERRUPT
QUERY run=1 case=code_contains_tail repeat=0 status=INTERRUPT rows=-1 expected=1 query_ms=231.978 following_write_ms=24.071 reason=SQLITE_INTERRUPT
QUERY run=1 case=code_contains_tail repeat=1 status=INTERRUPT rows=-1 expected=1 query_ms=221.920 following_write_ms=20.286 reason=SQLITE_INTERRUPT
QUERY run=1 case=code_contains_tail repeat=2 status=INTERRUPT rows=-1 expected=1 query_ms=250.397 following_write_ms=29.730 reason=SQLITE_INTERRUPT
QUERY run=1 case=missing_owner repeat=0 status=OK rows=0 expected=0 query_ms=21.819 following_write_ms=9.472 reason=
QUERY run=1 case=missing_owner repeat=1 status=OK rows=0 expected=0 query_ms=20.550 following_write_ms=11.875 reason=
QUERY run=1 case=missing_owner repeat=2 status=OK rows=0 expected=0 query_ms=24.513 following_write_ms=10.761 reason=
QUERY run=1 case=rare_bounded_cursor repeat=0 status=OK rows=1 expected=1 query_ms=1.120 following_write_ms=12.795 reason=
QUERY run=1 case=rare_bounded_cursor repeat=1 status=OK rows=1 expected=1 query_ms=0.630 following_write_ms=11.188 reason=
QUERY run=1 case=rare_bounded_cursor repeat=2 status=OK rows=1 expected=1 query_ms=0.683 following_write_ms=14.479 reason=
MIXED run=1 read=INTERRUPT writes=20 denied_readers=5 total_ms=481.586 write_p50_ms=384.112 write_max_ms=481.426
REOPEN run=1 tracked=100000 writes=50 exact=true
QUERY run=2 case=first repeat=0 status=OK rows=36 expected=36 query_ms=0.619 following_write_ms=9.912 reason=
QUERY run=2 case=first repeat=1 status=OK rows=36 expected=36 query_ms=0.502 following_write_ms=9.701 reason=
QUERY run=2 case=first repeat=2 status=OK rows=36 expected=36 query_ms=0.648 following_write_ms=9.504 reason=
QUERY run=2 case=common repeat=0 status=OK rows=36 expected=36 query_ms=0.590 following_write_ms=10.875 reason=
QUERY run=2 case=common repeat=1 status=OK rows=36 expected=36 query_ms=0.589 following_write_ms=9.303 reason=
QUERY run=2 case=common repeat=2 status=OK rows=36 expected=36 query_ms=0.595 following_write_ms=9.604 reason=
QUERY run=2 case=owner repeat=0 status=OK rows=36 expected=36 query_ms=0.513 following_write_ms=9.722 reason=
QUERY run=2 case=owner repeat=1 status=OK rows=36 expected=36 query_ms=0.711 following_write_ms=9.501 reason=
QUERY run=2 case=owner repeat=2 status=OK rows=36 expected=36 query_ms=0.551 following_write_ms=9.249 reason=
QUERY run=2 case=owner_sword repeat=0 status=OK rows=36 expected=36 query_ms=0.521 following_write_ms=9.179 reason=
QUERY run=2 case=owner_sword repeat=1 status=OK rows=36 expected=36 query_ms=0.457 following_write_ms=9.107 reason=
QUERY run=2 case=owner_sword repeat=2 status=OK rows=36 expected=36 query_ms=0.494 following_write_ms=9.510 reason=
QUERY run=2 case=unicode repeat=0 status=OK rows=36 expected=36 query_ms=0.929 following_write_ms=9.635 reason=
QUERY run=2 case=unicode repeat=1 status=OK rows=36 expected=36 query_ms=1.369 following_write_ms=9.722 reason=
QUERY run=2 case=unicode repeat=2 status=OK rows=36 expected=36 query_ms=0.917 following_write_ms=9.784 reason=
QUERY run=2 case=rare_tail repeat=0 status=INTERRUPT rows=-1 expected=1 query_ms=250.449 following_write_ms=36.844 reason=SQLITE_INTERRUPT
QUERY run=2 case=rare_tail repeat=1 status=INTERRUPT rows=-1 expected=1 query_ms=250.354 following_write_ms=20.167 reason=SQLITE_INTERRUPT
QUERY run=2 case=rare_tail repeat=2 status=INTERRUPT rows=-1 expected=1 query_ms=215.159 following_write_ms=24.397 reason=SQLITE_INTERRUPT
QUERY run=2 case=missing_text repeat=0 status=INTERRUPT rows=-1 expected=0 query_ms=250.439 following_write_ms=11.320 reason=SQLITE_INTERRUPT
QUERY run=2 case=missing_text repeat=1 status=INTERRUPT rows=-1 expected=0 query_ms=222.197 following_write_ms=23.873 reason=SQLITE_INTERRUPT
QUERY run=2 case=missing_text repeat=2 status=INTERRUPT rows=-1 expected=0 query_ms=243.510 following_write_ms=23.435 reason=SQLITE_INTERRUPT
QUERY run=2 case=code_contains_tail repeat=0 status=INTERRUPT rows=-1 expected=1 query_ms=250.393 following_write_ms=18.798 reason=SQLITE_INTERRUPT
QUERY run=2 case=code_contains_tail repeat=1 status=INTERRUPT rows=-1 expected=1 query_ms=249.026 following_write_ms=11.592 reason=SQLITE_INTERRUPT
QUERY run=2 case=code_contains_tail repeat=2 status=INTERRUPT rows=-1 expected=1 query_ms=253.642 following_write_ms=31.102 reason=SQLITE_INTERRUPT
QUERY run=2 case=missing_owner repeat=0 status=OK rows=0 expected=0 query_ms=21.527 following_write_ms=14.765 reason=
QUERY run=2 case=missing_owner repeat=1 status=OK rows=0 expected=0 query_ms=17.098 following_write_ms=11.155 reason=
QUERY run=2 case=missing_owner repeat=2 status=OK rows=0 expected=0 query_ms=18.004 following_write_ms=11.716 reason=
QUERY run=2 case=rare_bounded_cursor repeat=0 status=OK rows=1 expected=1 query_ms=0.734 following_write_ms=10.219 reason=
QUERY run=2 case=rare_bounded_cursor repeat=1 status=OK rows=1 expected=1 query_ms=0.450 following_write_ms=9.901 reason=
QUERY run=2 case=rare_bounded_cursor repeat=2 status=OK rows=1 expected=1 query_ms=1.033 following_write_ms=10.491 reason=
MIXED run=2 read=INTERRUPT writes=20 denied_readers=5 total_ms=443.873 write_p50_ms=349.252 write_max_ms=443.707
REOPEN run=2 tracked=100000 writes=50 exact=true
PASS_MEASUREMENT_ORACLE_AND_WRITE_PRESERVATION not general-search SLO or Paper proof
