[INFO] Scanning for projects...
[INFO] 
[INFO] ----------------------< com.itemguard:ItemGuard >-----------------------
[INFO] Building ItemGuard 1.0.0
[INFO]   from pom.xml
[INFO] --------------------------------[ jar ]---------------------------------
[INFO] 
[INFO] --- resources:3.4.0:resources (default-resources) @ ItemGuard ---
[INFO] Copying 5 resources from src\main\resources to target\classes
[INFO] 
[INFO] --- compiler:3.13.0:compile (default-compile) @ ItemGuard ---
[INFO] Nothing to compile - all classes are up to date.
[INFO] 
[INFO] --- resources:3.4.0:testResources (default-testResources) @ ItemGuard ---
[INFO] skip non existing resourceDirectory E:\AI.WORK\ItemGuard\src\test\resources
[INFO] 
[INFO] --- compiler:3.13.0:testCompile (default-testCompile) @ ItemGuard ---
[INFO] Recompiling the module because of changed source code.
[INFO] Compiling 88 source files with javac [debug release 21] to target\test-classes
[INFO] Annotation processing is enabled because one or more processors were found
  on the class path. A future release of javac may disable annotation processing
  unless at least one processor is specified by name (-processor), or a search
  path is specified (--processor-path, --processor-module-path), or annotation
  processing is enabled explicitly (-proc:only, -proc:full).
  Use -Xlint:-options to suppress this message.
  Use -proc:none to disable annotation processing.
[INFO] 
[INFO] --- surefire:3.5.2:test (default-test) @ ItemGuard ---
[INFO] Using auto detected provider org.apache.maven.surefire.junitplatform.JUnitPlatformProvider
[INFO] 
[INFO] -------------------------------------------------------
[INFO]  T E S T S
[INFO] -------------------------------------------------------
[INFO] Running com.itemguard.persistence.TagIdentityCollisionRepositoryTest
SLF4J(W): No SLF4J providers were found.
SLF4J(W): Defaulting to no-operation (NOP) logger implementation
SLF4J(W): See https://www.slf4j.org/codes.html#noProviders for further details.
[ERROR] Tests run: 4, Failures: 3, Errors: 0, Skipped: 0, Time elapsed: 0.922 s <<< FAILURE! -- in com.itemguard.persistence.TagIdentityCollisionRepositoryTest
[ERROR] com.itemguard.persistence.TagIdentityCollisionRepositoryTest.changedSourceAbortRollsBackWhenReplacementCollides -- Time elapsed: 0.062 s <<< FAILURE!
org.opentest4j.AssertionFailedError: Unexpected type, expected: <com.itemguard.tracking.TagIdentityCollisionException> but was: <java.lang.IllegalStateException>
	at org.junit.jupiter.api.AssertionFailureBuilder.build(AssertionFailureBuilder.java:151)
	at org.junit.jupiter.api.AssertionFailureBuilder.buildAndThrow(AssertionFailureBuilder.java:132)
	at org.junit.jupiter.api.AssertInstanceOf.assertInstanceOf(AssertInstanceOf.java:49)
	at org.junit.jupiter.api.AssertInstanceOf.assertInstanceOf(AssertInstanceOf.java:31)
	at org.junit.jupiter.api.Assertions.assertInstanceOf(Assertions.java:3614)
	at com.itemguard.persistence.TagIdentityCollisionRepositoryTest.changedSourceAbortRollsBackWhenReplacementCollides(TagIdentityCollisionRepositoryTest.java:85)
	at java.base/java.lang.reflect.Method.invoke(Method.java:580)
	at java.base/java.util.ArrayList.forEach(ArrayList.java:1596)
	at java.base/java.util.ArrayList.forEach(ArrayList.java:1596)

[ERROR] com.itemguard.persistence.TagIdentityCollisionRepositoryTest.everyJournalStateReservesCodeAndUuid -- Time elapsed: 0.036 s <<< FAILURE!
org.opentest4j.AssertionFailedError: Unexpected type, expected: <com.itemguard.tracking.TagIdentityCollisionException> but was: <java.lang.IllegalStateException>
	at org.junit.jupiter.api.AssertionFailureBuilder.build(AssertionFailureBuilder.java:151)
	at org.junit.jupiter.api.AssertionFailureBuilder.buildAndThrow(AssertionFailureBuilder.java:132)
	at org.junit.jupiter.api.AssertInstanceOf.assertInstanceOf(AssertInstanceOf.java:49)
	at org.junit.jupiter.api.AssertInstanceOf.assertInstanceOf(AssertInstanceOf.java:31)
	at org.junit.jupiter.api.Assertions.assertInstanceOf(Assertions.java:3614)
	at com.itemguard.persistence.TagIdentityCollisionRepositoryTest.everyJournalStateReservesCodeAndUuid(TagIdentityCollisionRepositoryTest.java:54)
	at java.base/java.lang.reflect.Method.invoke(Method.java:580)
	at java.base/java.util.ArrayList.forEach(ArrayList.java:1596)
	at java.base/java.util.ArrayList.forEach(ArrayList.java:1596)

[ERROR] com.itemguard.persistence.TagIdentityCollisionRepositoryTest.synchronousPrepareSharesCanonicalCollisionGate -- Time elapsed: 0.047 s <<< FAILURE!
org.opentest4j.AssertionFailedError: Expected com.itemguard.tracking.TagIdentityCollisionException to be thrown, but nothing was thrown.
	at org.junit.jupiter.api.AssertionFailureBuilder.build(AssertionFailureBuilder.java:152)
	at org.junit.jupiter.api.AssertThrows.assertThrows(AssertThrows.java:73)
	at org.junit.jupiter.api.AssertThrows.assertThrows(AssertThrows.java:35)
	at org.junit.jupiter.api.Assertions.assertThrows(Assertions.java:3128)
	at com.itemguard.persistence.TagIdentityCollisionRepositoryTest.synchronousPrepareSharesCanonicalCollisionGate(TagIdentityCollisionRepositoryTest.java:69)
	at java.base/java.lang.reflect.Method.invoke(Method.java:580)
	at java.base/java.util.ArrayList.forEach(ArrayList.java:1596)
	at java.base/java.util.ArrayList.forEach(ArrayList.java:1596)

[INFO] 
[INFO] Results:
[INFO] 
[ERROR] Failures: 
[ERROR]   TagIdentityCollisionRepositoryTest.changedSourceAbortRollsBackWhenReplacementCollides:85 Unexpected type, expected: <com.itemguard.tracking.TagIdentityCollisionException> but was: <java.lang.IllegalStateException>
[ERROR]   TagIdentityCollisionRepositoryTest.everyJournalStateReservesCodeAndUuid:54 Unexpected type, expected: <com.itemguard.tracking.TagIdentityCollisionException> but was: <java.lang.IllegalStateException>
[ERROR]   TagIdentityCollisionRepositoryTest.synchronousPrepareSharesCanonicalCollisionGate:69 Expected com.itemguard.tracking.TagIdentityCollisionException to be thrown, but nothing was thrown.
[INFO] 
[ERROR] Tests run: 4, Failures: 3, Errors: 0, Skipped: 0
[INFO] 
[INFO] ------------------------------------------------------------------------
[INFO] BUILD FAILURE
[INFO] ------------------------------------------------------------------------
[INFO] Total time:  7.947 s
[INFO] Finished at: 2026-09-08T16:10:11+07:00
[INFO] ------------------------------------------------------------------------
[ERROR] Failed to execute goal org.apache.maven.plugins:maven-surefire-plugin:3.5.2:test (default-test) on project ItemGuard: There are test failures.
[ERROR] 
[ERROR] See E:\AI.WORK\ItemGuard\target\surefire-reports for the individual test results.
[ERROR] See dump files (if any exist) [date].dump, [date]-jvmRun[N].dump and [date].dumpstream.
[ERROR] -> [Help 1]
[ERROR] 
[ERROR] To see the full stack trace of the errors, re-run Maven with the -e switch.
[ERROR] Re-run Maven using the -X switch to enable full debug logging.
[ERROR] 
[ERROR] For more information about the errors and possible solutions, please read the following articles:
[ERROR] [Help 1] http://cwiki.apache.org/confluence/display/MAVEN/MojoFailureException
EXIT_CODE=1
