[INFO] Scanning for projects...
[INFO] 
[INFO] ----------------------< com.itemguard:ItemGuard >-----------------------
[INFO] Building ItemGuard 1.0.0
[INFO]   from pom.xml
[INFO] --------------------------------[ jar ]---------------------------------
[INFO] 
[INFO] --- resources:3.4.0:resources (default-resources) @ ItemGuard ---
[INFO] Copying 5 resources from src\main\resources to target\classes
[INFO] 
[INFO] --- compiler:3.13.0:compile (default-compile) @ ItemGuard ---
[INFO] Nothing to compile - all classes are up to date.
[INFO] 
[INFO] --- resources:3.4.0:testResources (default-testResources) @ ItemGuard ---
[INFO] skip non existing resourceDirectory E:\AI.WORK\ItemGuard\src\test\resources
[INFO] 
[INFO] --- compiler:3.13.0:testCompile (default-testCompile) @ ItemGuard ---
[INFO] Recompiling the module because of changed source code.
[INFO] Compiling 89 source files with javac [debug release 21] to target\test-classes
[INFO] Annotation processing is enabled because one or more processors were found
  on the class path. A future release of javac may disable annotation processing
  unless at least one processor is specified by name (-processor), or a search
  path is specified (--processor-path, --processor-module-path), or annotation
  processing is enabled explicitly (-proc:only, -proc:full).
  Use -Xlint:-options to suppress this message.
  Use -proc:none to disable annotation processing.
[INFO] 
[INFO] --- surefire:3.5.2:test (default-test) @ ItemGuard ---
[INFO] Using auto detected provider org.apache.maven.surefire.junitplatform.JUnitPlatformProvider
[INFO] 
[INFO] -------------------------------------------------------
[INFO]  T E S T S
[INFO] -------------------------------------------------------
[INFO] Running com.itemguard.tracking.TagPublicationCollisionRetryTest
[ERROR] Tests run: 2, Failures: 2, Errors: 0, Skipped: 0, Time elapsed: 0.114 s <<< FAILURE! -- in com.itemguard.tracking.TagPublicationCollisionRetryTest
[ERROR] com.itemguard.tracking.TagPublicationCollisionRetryTest.typedCollisionRegeneratesOnMainThenPublishesOnlyFreshSnapshot -- Time elapsed: 0.086 s <<< FAILURE!
org.opentest4j.AssertionFailedError: retry rebuilds full proposal on dispatcher ==> expected: <2> but was: <1>
	at org.junit.jupiter.api.AssertionFailureBuilder.build(AssertionFailureBuilder.java:151)
	at org.junit.jupiter.api.AssertionFailureBuilder.buildAndThrow(AssertionFailureBuilder.java:132)
	at org.junit.jupiter.api.AssertEquals.failNotEqual(AssertEquals.java:197)
	at org.junit.jupiter.api.AssertEquals.assertEquals(AssertEquals.java:150)
	at org.junit.jupiter.api.Assertions.assertEquals(Assertions.java:563)
	at com.itemguard.tracking.TagPublicationCollisionRetryTest.typedCollisionRegeneratesOnMainThenPublishesOnlyFreshSnapshot(TagPublicationCollisionRetryTest.java:32)
	at java.base/java.lang.reflect.Method.invoke(Method.java:580)
	at java.base/java.util.ArrayList.forEach(ArrayList.java:1596)
	at java.base/java.util.ArrayList.forEach(ArrayList.java:1596)

[ERROR] com.itemguard.tracking.TagPublicationCollisionRetryTest.exhaustionIsBoundedAndReleasesSourceLock -- Time elapsed: 0.006 s <<< FAILURE!
org.opentest4j.AssertionFailedError: expected reservation attempt 1 ==> expected: <false> but was: <true>
	at org.junit.jupiter.api.AssertionFailureBuilder.build(AssertionFailureBuilder.java:151)
	at org.junit.jupiter.api.AssertionFailureBuilder.buildAndThrow(AssertionFailureBuilder.java:132)
	at org.junit.jupiter.api.AssertFalse.failNotFalse(AssertFalse.java:63)
	at org.junit.jupiter.api.AssertFalse.assertFalse(AssertFalse.java:36)
	at org.junit.jupiter.api.Assertions.assertFalse(Assertions.java:239)
	at com.itemguard.tracking.TagPublicationCollisionRetryTest.exhaustionIsBoundedAndReleasesSourceLock(TagPublicationCollisionRetryTest.java:48)
	at java.base/java.lang.reflect.Method.invoke(Method.java:580)
	at java.base/java.util.ArrayList.forEach(ArrayList.java:1596)
	at java.base/java.util.ArrayList.forEach(ArrayList.java:1596)

[INFO] 
[INFO] Results:
[INFO] 
[ERROR] Failures: 
[ERROR]   TagPublicationCollisionRetryTest.exhaustionIsBoundedAndReleasesSourceLock:48 expected reservation attempt 1 ==> expected: <false> but was: <true>
[ERROR]   TagPublicationCollisionRetryTest.typedCollisionRegeneratesOnMainThenPublishesOnlyFreshSnapshot:32 retry rebuilds full proposal on dispatcher ==> expected: <2> but was: <1>
[INFO] 
[ERROR] Tests run: 2, Failures: 2, Errors: 0, Skipped: 0
[INFO] 
[INFO] ------------------------------------------------------------------------
[INFO] BUILD FAILURE
[INFO] ------------------------------------------------------------------------
[INFO] Total time:  7.348 s
[INFO] Finished at: 2026-09-08T16:12:53+07:00
[INFO] ------------------------------------------------------------------------
[ERROR] Failed to execute goal org.apache.maven.plugins:maven-surefire-plugin:3.5.2:test (default-test) on project ItemGuard: There are test failures.
[ERROR] 
[ERROR] See E:\AI.WORK\ItemGuard\target\surefire-reports for the individual test results.
[ERROR] See dump files (if any exist) [date].dump, [date]-jvmRun[N].dump and [date].dumpstream.
[ERROR] -> [Help 1]
[ERROR] 
[ERROR] To see the full stack trace of the errors, re-run Maven with the -e switch.
[ERROR] Re-run Maven using the -X switch to enable full debug logging.
[ERROR] 
[ERROR] For more information about the errors and possible solutions, please read the following articles:
[ERROR] [Help 1] http://cwiki.apache.org/confluence/display/MAVEN/MojoFailureException
EXIT_CODE=1
