[INFO] Scanning for projects...
[INFO] 
[INFO] ----------------------< com.itemguard:ItemGuard >-----------------------
[INFO] Building ItemGuard 1.0.0
[INFO]   from pom.xml
[INFO] --------------------------------[ jar ]---------------------------------
[INFO] 
[INFO] --- resources:3.4.0:resources (default-resources) @ ItemGuard ---
[INFO] Copying 5 resources from src\main\resources to target\classes
[INFO] 
[INFO] --- compiler:3.13.0:compile (default-compile) @ ItemGuard ---
[INFO] Nothing to compile - all classes are up to date.
[INFO] 
[INFO] --- resources:3.4.0:testResources (default-testResources) @ ItemGuard ---
[INFO] skip non existing resourceDirectory E:\AI.WORK\ItemGuard\src\test\resources
[INFO] 
[INFO] --- compiler:3.13.0:testCompile (default-testCompile) @ ItemGuard ---
[INFO] Recompiling the module because of changed source code.
[INFO] Compiling 89 source files with javac [debug release 21] to target\test-classes
[INFO] Annotation processing is enabled because one or more processors were found
  on the class path. A future release of javac may disable annotation processing
  unless at least one processor is specified by name (-processor), or a search
  path is specified (--processor-path, --processor-module-path), or annotation
  processing is enabled explicitly (-proc:only, -proc:full).
  Use -Xlint:-options to suppress this message.
  Use -proc:none to disable annotation processing.
[INFO] 
[INFO] --- surefire:3.5.2:test (default-test) @ ItemGuard ---
[INFO] Using auto detected provider org.apache.maven.surefire.junitplatform.JUnitPlatformProvider
[INFO] 
[INFO] -------------------------------------------------------
[INFO]  T E S T S
[INFO] -------------------------------------------------------
[INFO] Running com.itemguard.tracking.TagPublicationCollisionRetryTest
[ERROR] Tests run: 7, Failures: 4, Errors: 0, Skipped: 0, Time elapsed: 0.184 s <<< FAILURE! -- in com.itemguard.tracking.TagPublicationCollisionRetryTest
[ERROR] com.itemguard.tracking.TagPublicationCollisionRetryTest.regeneratedProposalCannotSwitchSourceDigestOrState -- Time elapsed: 0.007 s <<< FAILURE!
org.opentest4j.AssertionFailedError: source ==> expected: <1> but was: <2>
	at org.junit.jupiter.api.AssertionFailureBuilder.build(AssertionFailureBuilder.java:151)
	at org.junit.jupiter.api.AssertionFailureBuilder.buildAndThrow(AssertionFailureBuilder.java:132)
	at org.junit.jupiter.api.AssertEquals.failNotEqual(AssertEquals.java:197)
	at org.junit.jupiter.api.AssertEquals.assertEquals(AssertEquals.java:150)
	at org.junit.jupiter.api.Assertions.assertEquals(Assertions.java:563)
	at com.itemguard.tracking.TagPublicationCollisionRetryTest.regeneratedProposalCannotSwitchSourceDigestOrState(TagPublicationCollisionRetryTest.java:95)
	at java.base/java.lang.reflect.Method.invoke(Method.java:580)
	at java.base/java.util.ArrayList.forEach(ArrayList.java:1596)
	at java.base/java.util.ArrayList.forEach(ArrayList.java:1596)

[ERROR] com.itemguard.tracking.TagPublicationCollisionRetryTest.changedPhysicalSourceStopsBeforeRegeneration -- Time elapsed: 0.003 s <<< FAILURE!
org.opentest4j.AssertionFailedError: expected: <1> but was: <2>
	at org.junit.jupiter.api.AssertionFailureBuilder.build(AssertionFailureBuilder.java:151)
	at org.junit.jupiter.api.AssertionFailureBuilder.buildAndThrow(AssertionFailureBuilder.java:132)
	at org.junit.jupiter.api.AssertEquals.failNotEqual(AssertEquals.java:197)
	at org.junit.jupiter.api.AssertEquals.assertEquals(AssertEquals.java:150)
	at org.junit.jupiter.api.AssertEquals.assertEquals(AssertEquals.java:145)
	at org.junit.jupiter.api.Assertions.assertEquals(Assertions.java:531)
	at com.itemguard.tracking.TagPublicationCollisionRetryTest.changedPhysicalSourceStopsBeforeRegeneration(TagPublicationCollisionRetryTest.java:68)
	at java.base/java.lang.reflect.Method.invoke(Method.java:580)
	at java.base/java.util.ArrayList.forEach(ArrayList.java:1596)
	at java.base/java.util.ArrayList.forEach(ArrayList.java:1596)

[ERROR] com.itemguard.tracking.TagPublicationCollisionRetryTest.mismatchedSuccessfulReservationNeverWritesPhysicalItem -- Time elapsed: 0.038 s <<< FAILURE!
org.opentest4j.AssertionFailedError: source ==> expected: <null> but was: <TagPublication[publicationId=5c4919a1-bcc7-4e6c-b63a-4f17c4b27b07, sourceKey=other, sourceDigest=[B@79da8dc5, item=ItemData{code='EF34GH', itemUuid=741a5c30-76a4-445c-ba1c-1d091ac180d1, ownerName='null', material=null, detectionCount=1}, snapshot=ItemSnapshot[version=1, payload=[B@1a4013, sha256=[B@1b6e1eff], capturedAt=1, state=PREPARED, createdAt=1, updatedAt=1, detail=null]>
	at org.junit.jupiter.api.AssertionFailureBuilder.build(AssertionFailureBuilder.java:151)
	at org.junit.jupiter.api.AssertionFailureBuilder.buildAndThrow(AssertionFailureBuilder.java:132)
	at org.junit.jupiter.api.AssertNull.failNotNull(AssertNull.java:50)
	at org.junit.jupiter.api.AssertNull.assertNull(AssertNull.java:35)
	at org.junit.jupiter.api.Assertions.assertNull(Assertions.java:287)
	at com.itemguard.tracking.TagPublicationCollisionRetryTest.mismatchedSuccessfulReservationNeverWritesPhysicalItem(TagPublicationCollisionRetryTest.java:109)
	at java.base/java.lang.reflect.Method.invoke(Method.java:580)
	at java.base/java.util.ArrayList.forEach(ArrayList.java:1596)
	at java.base/java.util.ArrayList.forEach(ArrayList.java:1596)

[ERROR] com.itemguard.tracking.TagPublicationCollisionRetryTest.disabledPluginStopsBeforeRegeneration -- Time elapsed: 0.002 s <<< FAILURE!
org.opentest4j.AssertionFailedError: expected: <1> but was: <2>
	at org.junit.jupiter.api.AssertionFailureBuilder.build(AssertionFailureBuilder.java:151)
	at org.junit.jupiter.api.AssertionFailureBuilder.buildAndThrow(AssertionFailureBuilder.java:132)
	at org.junit.jupiter.api.AssertEquals.failNotEqual(AssertEquals.java:197)
	at org.junit.jupiter.api.AssertEquals.assertEquals(AssertEquals.java:150)
	at org.junit.jupiter.api.AssertEquals.assertEquals(AssertEquals.java:145)
	at org.junit.jupiter.api.Assertions.assertEquals(Assertions.java:531)
	at com.itemguard.tracking.TagPublicationCollisionRetryTest.disabledPluginStopsBeforeRegeneration(TagPublicationCollisionRetryTest.java:81)
	at java.base/java.lang.reflect.Method.invoke(Method.java:580)
	at java.base/java.util.ArrayList.forEach(ArrayList.java:1596)
	at java.base/java.util.ArrayList.forEach(ArrayList.java:1596)

[INFO] 
[INFO] Results:
[INFO] 
[ERROR] Failures: 
[ERROR]   TagPublicationCollisionRetryTest.changedPhysicalSourceStopsBeforeRegeneration:68 expected: <1> but was: <2>
[ERROR]   TagPublicationCollisionRetryTest.disabledPluginStopsBeforeRegeneration:81 expected: <1> but was: <2>
[ERROR]   TagPublicationCollisionRetryTest.mismatchedSuccessfulReservationNeverWritesPhysicalItem:109 source ==> expected: <null> but was: <TagPublication[publicationId=5c4919a1-bcc7-4e6c-b63a-4f17c4b27b07, sourceKey=other, sourceDigest=[B@79da8dc5, item=ItemData{code='EF34GH', itemUuid=741a5c30-76a4-445c-ba1c-1d091ac180d1, ownerName='null', material=null, detectionCount=1}, snapshot=ItemSnapshot[version=1, payload=[B@1a4013, sha256=[B@1b6e1eff], capturedAt=1, state=PREPARED, createdAt=1, updatedAt=1, detail=null]>
[ERROR]   TagPublicationCollisionRetryTest.regeneratedProposalCannotSwitchSourceDigestOrState:95 source ==> expected: <1> but was: <2>
[INFO] 
[ERROR] Tests run: 7, Failures: 4, Errors: 0, Skipped: 0
[INFO] 
[INFO] ------------------------------------------------------------------------
[INFO] BUILD FAILURE
[INFO] ------------------------------------------------------------------------
[INFO] Total time:  7.337 s
[INFO] Finished at: 2026-09-08T16:15:39+07:00
[INFO] ------------------------------------------------------------------------
[ERROR] Failed to execute goal org.apache.maven.plugins:maven-surefire-plugin:3.5.2:test (default-test) on project ItemGuard: There are test failures.
[ERROR] 
[ERROR] See E:\AI.WORK\ItemGuard\target\surefire-reports for the individual test results.
[ERROR] See dump files (if any exist) [date].dump, [date]-jvmRun[N].dump and [date].dumpstream.
[ERROR] -> [Help 1]
[ERROR] 
[ERROR] To see the full stack trace of the errors, re-run Maven with the -e switch.
[ERROR] Re-run Maven using the -X switch to enable full debug logging.
[ERROR] 
[ERROR] For more information about the errors and possible solutions, please read the following articles:
[ERROR] [Help 1] http://cwiki.apache.org/confluence/display/MAVEN/MojoFailureException
EXIT_CODE=1
