[INFO] Scanning for projects...
[INFO] 
[INFO] ----------------------< com.itemguard:ItemGuard >-----------------------
[INFO] Building ItemGuard 1.0.0
[INFO]   from pom.xml
[INFO] --------------------------------[ jar ]---------------------------------
[INFO] 
[INFO] --- resources:3.4.0:resources (default-resources) @ ItemGuard ---
[INFO] Copying 5 resources from src\main\resources to target\classes
[INFO] 
[INFO] --- compiler:3.13.0:compile (default-compile) @ ItemGuard ---
[INFO] Recompiling the module because of changed source code.
[INFO] Compiling 167 source files with javac [debug release 21] to target\classes
[INFO] Annotation processing is enabled because one or more processors were found
  on the class path. A future release of javac may disable annotation processing
  unless at least one processor is specified by name (-processor), or a search
  path is specified (--processor-path, --processor-module-path), or annotation
  processing is enabled explicitly (-proc:only, -proc:full).
  Use -Xlint:-options to suppress this message.
  Use -proc:none to disable annotation processing.
[INFO] /E:/AI.WORK/ItemGuard/src/main/java/com/itemguard/ItemGuard.java: Some input files use or override a deprecated API.
[INFO] /E:/AI.WORK/ItemGuard/src/main/java/com/itemguard/ItemGuard.java: Recompile with -Xlint:deprecation for details.
[INFO] 
[INFO] --- resources:3.4.0:testResources (default-testResources) @ ItemGuard ---
[INFO] skip non existing resourceDirectory E:\AI.WORK\ItemGuard\src\test\resources
[INFO] 
[INFO] --- compiler:3.13.0:testCompile (default-testCompile) @ ItemGuard ---
[INFO] Recompiling the module because of changed dependency.
[INFO] Compiling 112 source files with javac [debug release 21] to target\test-classes
[INFO] Annotation processing is enabled because one or more processors were found
  on the class path. A future release of javac may disable annotation processing
  unless at least one processor is specified by name (-processor), or a search
  path is specified (--processor-path, --processor-module-path), or annotation
  processing is enabled explicitly (-proc:only, -proc:full).
  Use -Xlint:-options to suppress this message.
  Use -proc:none to disable annotation processing.
[WARNING] /E:/AI.WORK/ItemGuard/src/test/java/com/itemguard/catalog/CatalogUiLifecycleTest.java:[58,44] PlayerQuitEvent(org.bukkit.entity.Player,net.kyori.adventure.text.Component) in org.bukkit.event.player.PlayerQuitEvent has been deprecated and marked for removal
[INFO] /E:/AI.WORK/ItemGuard/src/test/java/com/itemguard/catalog/CatalogUiLifecycleTest.java: Some input files use or override a deprecated API.
[INFO] /E:/AI.WORK/ItemGuard/src/test/java/com/itemguard/catalog/CatalogUiLifecycleTest.java: Recompile with -Xlint:deprecation for details.
[INFO] 
[INFO] --- surefire:3.5.2:test (default-test) @ ItemGuard ---
[INFO] Using auto detected provider org.apache.maven.surefire.junitplatform.JUnitPlatformProvider
[INFO] 
[INFO] -------------------------------------------------------
[INFO]  T E S T S
[INFO] -------------------------------------------------------
[INFO] Running com.itemguard.lite.LiteCommandTest
Java HotSpot(TM) 64-Bit Server VM warning: Sharing is only supported for boot loader classes because bootstrap classpath has been appended
[ERROR] Tests run: 3, Failures: 1, Errors: 0, Skipped: 0, Time elapsed: 1.244 s <<< FAILURE! -- in com.itemguard.lite.LiteCommandTest
[ERROR] com.itemguard.lite.LiteCommandTest.unsupportedActionsNeverTouchDatabase -- Time elapsed: 0.386 s <<< FAILURE!
Argument(s) are different! Wanted:
commandSender.sendMessage(
    contains("check | history | search | stats")
);
-> at com.itemguard.lite.LiteCommandTest.unsupportedActionsNeverTouchDatabase(LiteCommandTest.java:20)
Actual invocations have different arguments:
commandSender.sendMessage(
    "§6[ItemGuard LITE] §f/ig check | history | search #ID | stats | gui"
);
-> at com.itemguard.lite.LiteCommand.message(LiteCommand.java:37)

	at com.itemguard.lite.LiteCommandTest.unsupportedActionsNeverTouchDatabase(LiteCommandTest.java:20)
	at java.base/java.lang.reflect.Method.invoke(Method.java:580)
	at java.base/java.util.ArrayList.forEach(ArrayList.java:1596)
	at java.base/java.util.ArrayList.forEach(ArrayList.java:1596)

[INFO] 
[INFO] Results:
[INFO] 
[ERROR] Failures: 
[ERROR]   LiteCommandTest.unsupportedActionsNeverTouchDatabase:20 
Argument(s) are different! Wanted:
commandSender.sendMessage(
    contains("check | history | search | stats")
);
-> at com.itemguard.lite.LiteCommandTest.unsupportedActionsNeverTouchDatabase(LiteCommandTest.java:20)
Actual invocations have different arguments:
commandSender.sendMessage(
    "§6[ItemGuard LITE] §f/ig check | history | search #ID | stats | gui"
);
-> at com.itemguard.lite.LiteCommand.message(LiteCommand.java:37)

[INFO] 
[ERROR] Tests run: 3, Failures: 1, Errors: 0, Skipped: 0
[INFO] 
[INFO] ------------------------------------------------------------------------
[INFO] BUILD FAILURE
[INFO] ------------------------------------------------------------------------
[INFO] Total time:  11.864 s
[INFO] Finished at: 2026-09-11T12:17:47+07:00
[INFO] ------------------------------------------------------------------------
[ERROR] Failed to execute goal org.apache.maven.plugins:maven-surefire-plugin:3.5.2:test (default-test) on project ItemGuard: There are test failures.
[ERROR] 
[ERROR] See E:\AI.WORK\ItemGuard\target\surefire-reports for the individual test results.
[ERROR] See dump files (if any exist) [date].dump, [date]-jvmRun[N].dump and [date].dumpstream.
[ERROR] -> [Help 1]
[ERROR] 
[ERROR] To see the full stack trace of the errors, re-run Maven with the -e switch.
[ERROR] Re-run Maven using the -X switch to enable full debug logging.
[ERROR] 
[ERROR] For more information about the errors and possible solutions, please read the following articles:
[ERROR] [Help 1] http://cwiki.apache.org/confluence/display/MAVEN/MojoFailureException
