java version "21.0.4" 2024-07-16 LTS
Java(TM) SE Runtime Environment (build 21.0.4+8-LTS-274)
Java HotSpot(TM) 64-Bit Server VM (build 21.0.4+8-LTS-274, mixed mode, sharing)
[INFO] Scanning for projects...
[INFO] 
[INFO] ----------------------< com.itemguard:ItemGuard >-----------------------
[INFO] Building ItemGuard 1.0.0
[INFO]   from pom.xml
[INFO] --------------------------------[ jar ]---------------------------------
[INFO] 
[INFO] --- resources:3.4.0:resources (default-resources) @ ItemGuard ---
[INFO] Copying 5 resources from src\main\resources to target\classes
[INFO] 
[INFO] --- compiler:3.13.0:compile (default-compile) @ ItemGuard ---
[INFO] Nothing to compile - all classes are up to date.
[INFO] 
[INFO] --- resources:3.4.0:testResources (default-testResources) @ ItemGuard ---
[INFO] skip non existing resourceDirectory E:\AI.WORK\ItemGuard\src\test\resources
[INFO] 
[INFO] --- compiler:3.13.0:testCompile (default-testCompile) @ ItemGuard ---
[INFO] Recompiling the module because of changed source code.
[INFO] Compiling 103 source files with javac [debug release 21] to target\test-classes
[INFO] Annotation processing is enabled because one or more processors were found
  on the class path. A future release of javac may disable annotation processing
  unless at least one processor is specified by name (-processor), or a search
  path is specified (--processor-path, --processor-module-path), or annotation
  processing is enabled explicitly (-proc:only, -proc:full).
  Use -Xlint:-options to suppress this message.
  Use -proc:none to disable annotation processing.
[INFO] /E:/AI.WORK/ItemGuard/src/test/java/com/itemguard/catalog/CatalogUiLifecycleTest.java: Some input files use or override a deprecated API.
[INFO] /E:/AI.WORK/ItemGuard/src/test/java/com/itemguard/catalog/CatalogUiLifecycleTest.java: Recompile with -Xlint:deprecation for details.
[INFO] Some messages have been simplified; recompile with -Xdiags:verbose to get full output
[INFO] -------------------------------------------------------------
[WARNING] COMPILATION WARNING : 
[INFO] -------------------------------------------------------------
[WARNING] /E:/AI.WORK/ItemGuard/src/test/java/com/itemguard/catalog/CatalogUiLifecycleTest.java:[48,44] PlayerQuitEvent(org.bukkit.entity.Player,net.kyori.adventure.text.Component) in org.bukkit.event.player.PlayerQuitEvent has been deprecated and marked for removal
[INFO] 1 warning
[INFO] -------------------------------------------------------------
[INFO] -------------------------------------------------------------
[ERROR] COMPILATION ERROR : 
[INFO] -------------------------------------------------------------
[ERROR] /E:/AI.WORK/ItemGuard/src/test/java/com/itemguard/catalog/CatalogObservationRepositoryTest.java:[51,13] reference to assertEquals is ambiguous
  both method assertEquals(long,java.lang.Long) in org.junit.jupiter.api.Assertions and method assertEquals(int,java.lang.Integer) in org.junit.jupiter.api.Assertions match
[ERROR] /E:/AI.WORK/ItemGuard/src/test/java/com/itemguard/catalog/CatalogObservationRepositoryTest.java:[51,38] incompatible types: inference variable T has incompatible bounds
    upper bounds: java.lang.Long,java.lang.Object
    lower bounds: java.lang.Integer
[INFO] 2 errors 
[INFO] -------------------------------------------------------------
[INFO] ------------------------------------------------------------------------
[INFO] BUILD FAILURE
[INFO] ------------------------------------------------------------------------
[INFO] Total time:  5.288 s
[INFO] Finished at: 2026-09-09T16:10:08+07:00
[INFO] ------------------------------------------------------------------------
[ERROR] Failed to execute goal org.apache.maven.plugins:maven-compiler-plugin:3.13.0:testCompile (default-testCompile) on project ItemGuard: Compilation failure: Compilation failure: 
[ERROR] /E:/AI.WORK/ItemGuard/src/test/java/com/itemguard/catalog/CatalogObservationRepositoryTest.java:[51,13] reference to assertEquals is ambiguous
[ERROR]   both method assertEquals(long,java.lang.Long) in org.junit.jupiter.api.Assertions and method assertEquals(int,java.lang.Integer) in org.junit.jupiter.api.Assertions match
[ERROR] /E:/AI.WORK/ItemGuard/src/test/java/com/itemguard/catalog/CatalogObservationRepositoryTest.java:[51,38] incompatible types: inference variable T has incompatible bounds
[ERROR]     upper bounds: java.lang.Long,java.lang.Object
[ERROR]     lower bounds: java.lang.Integer
[ERROR] -> [Help 1]
[ERROR] 
[ERROR] To see the full stack trace of the errors, re-run Maven with the -e switch.
[ERROR] Re-run Maven using the -X switch to enable full debug logging.
[ERROR] 
[ERROR] For more information about the errors and possible solutions, please read the following articles:
[ERROR] [Help 1] http://cwiki.apache.org/confluence/display/MAVEN/MojoFailureException
