java version "21.0.4" 2024-07-16 LTS
Java(TM) SE Runtime Environment (build 21.0.4+8-LTS-274)
Java HotSpot(TM) 64-Bit Server VM (build 21.0.4+8-LTS-274, mixed mode, sharing)
[INFO] Scanning for projects...
[INFO] 
[INFO] ----------------------< com.itemguard:ItemGuard >-----------------------
[INFO] Building ItemGuard 1.0.0
[INFO]   from pom.xml
[INFO] --------------------------------[ jar ]---------------------------------
[INFO] 
[INFO] --- resources:3.4.0:resources (default-resources) @ ItemGuard ---
[INFO] Copying 5 resources from src\main\resources to target\classes
[INFO] 
[INFO] --- compiler:3.13.0:compile (default-compile) @ ItemGuard ---
[INFO] Recompiling the module because of changed source code.
[INFO] Compiling 160 source files with javac [debug release 21] to target\classes
[INFO] Annotation processing is enabled because one or more processors were found
  on the class path. A future release of javac may disable annotation processing
  unless at least one processor is specified by name (-processor), or a search
  path is specified (--processor-path, --processor-module-path), or annotation
  processing is enabled explicitly (-proc:only, -proc:full).
  Use -Xlint:-options to suppress this message.
  Use -proc:none to disable annotation processing.
[INFO] /E:/AI.WORK/ItemGuard/src/main/java/com/itemguard/ItemGuard.java: Some input files use or override a deprecated API.
[INFO] /E:/AI.WORK/ItemGuard/src/main/java/com/itemguard/ItemGuard.java: Recompile with -Xlint:deprecation for details.
[INFO] 
[INFO] --- resources:3.4.0:testResources (default-testResources) @ ItemGuard ---
[INFO] skip non existing resourceDirectory E:\AI.WORK\ItemGuard\src\test\resources
[INFO] 
[INFO] --- compiler:3.13.0:testCompile (default-testCompile) @ ItemGuard ---
[INFO] Recompiling the module because of changed dependency.
[INFO] Compiling 102 source files with javac [debug release 21] to target\test-classes
[INFO] Annotation processing is enabled because one or more processors were found
  on the class path. A future release of javac may disable annotation processing
  unless at least one processor is specified by name (-processor), or a search
  path is specified (--processor-path, --processor-module-path), or annotation
  processing is enabled explicitly (-proc:only, -proc:full).
  Use -Xlint:-options to suppress this message.
  Use -proc:none to disable annotation processing.
[WARNING] /E:/AI.WORK/ItemGuard/src/test/java/com/itemguard/catalog/CatalogUiLifecycleTest.java:[48,44] PlayerQuitEvent(org.bukkit.entity.Player,net.kyori.adventure.text.Component) in org.bukkit.event.player.PlayerQuitEvent has been deprecated and marked for removal
[INFO] /E:/AI.WORK/ItemGuard/src/test/java/com/itemguard/catalog/CatalogUiLifecycleTest.java: E:\AI.WORK\ItemGuard\src\test\java\com\itemguard\catalog\CatalogUiLifecycleTest.java uses or overrides a deprecated API.
[INFO] /E:/AI.WORK/ItemGuard/src/test/java/com/itemguard/catalog/CatalogUiLifecycleTest.java: Recompile with -Xlint:deprecation for details.
[INFO] 
[INFO] --- surefire:3.5.2:test (default-test) @ ItemGuard ---
[INFO] Using auto detected provider org.apache.maven.surefire.junitplatform.JUnitPlatformProvider
[INFO] 
[INFO] -------------------------------------------------------
[INFO]  T E S T S
[INFO] -------------------------------------------------------
[INFO] Running com.itemguard.services.ItemTrackingPublicationIntegrationTest
SLF4J(W): No SLF4J providers were found.
SLF4J(W): Defaulting to no-operation (NOP) logger implementation
SLF4J(W): See https://www.slf4j.org/codes.html#noProviders for further details.
Mockito is currently self-attaching to enable the inline-mock-maker. This will no longer work in future releases of the JDK. Please add Mockito as an agent to your build what is described in Mockito's documentation: https://javadoc.io/doc/org.mockito/mockito-core/latest/org/mockito/Mockito.html#0.3
Java HotSpot(TM) 64-Bit Server VM warning: Sharing is only supported for boot loader classes because bootstrap classpath has been appended
WARNING: A Java agent has been loaded dynamically (C:\Users\thanh\.m2\repository\net\bytebuddy\byte-buddy-agent\1.15.4\byte-buddy-agent-1.15.4.jar)
WARNING: If a serviceability tool is in use, please run with -XX:+EnableDynamicAgentLoading to hide this warning
WARNING: If a serviceability tool is not in use, please run with -Djdk.instrument.traceUsage for more information
WARNING: Dynamic loading of agents will be disallowed by default in a future release
Sep 09, 2026 2:52:56 PM com.itemguard.services.ItemTrackingService$1 publishFailed
SEVERE: Identity da ghi vao entity nhung canonical publish chua hoan tat; giu fail-closed de reconcile: CCCCCC
Sep 09, 2026 2:52:56 PM com.itemguard.services.ItemTrackingService$1 preparationFailed
SEVERE: Khong the reserve entity identity publication
com.itemguard.tracking.TagIdentityCollisionException: Tag publication identity is already reserved
	at com.itemguard.persistence.ItemSqliteRepository.rejectTagIdentityCollision(ItemSqliteRepository.java:1195)
	at com.itemguard.persistence.ItemSqliteRepository.insertTagPublication(ItemSqliteRepository.java:967)
	at com.itemguard.persistence.ItemSqliteRepository.reserveTagPublication(ItemSqliteRepository.java:1156)
	at com.itemguard.persistence.ItemSqliteRepository.lambda$reserve$6(ItemSqliteRepository.java:110)
	at com.itemguard.persistence.SqliteConnectionOwner.runTransaction(SqliteConnectionOwner.java:204)
	at com.itemguard.persistence.SqliteConnectionOwner.lambda$callAsync$5(SqliteConnectionOwner.java:138)
	at java.base/java.util.concurrent.ThreadPoolExecutor.runWorker(ThreadPoolExecutor.java:1144)
	at java.base/java.util.concurrent.ThreadPoolExecutor$Worker.run(ThreadPoolExecutor.java:642)
	at java.base/java.lang.Thread.run(Thread.java:1583)

Sep 09, 2026 2:52:56 PM com.itemguard.services.ItemTrackingService$1 preparationFailed
SEVERE: Khong the reserve entity identity publication
com.itemguard.tracking.TagIdentityCollisionException: Tag publication identity is already reserved
	at com.itemguard.persistence.ItemSqliteRepository.rejectTagIdentityCollision(ItemSqliteRepository.java:1195)
	at com.itemguard.persistence.ItemSqliteRepository.insertTagPublication(ItemSqliteRepository.java:967)
	at com.itemguard.persistence.ItemSqliteRepository.reserveTagPublication(ItemSqliteRepository.java:1156)
	at com.itemguard.persistence.ItemSqliteRepository.lambda$reserve$6(ItemSqliteRepository.java:110)
	at com.itemguard.persistence.SqliteConnectionOwner.runTransaction(SqliteConnectionOwner.java:204)
	at com.itemguard.persistence.SqliteConnectionOwner.lambda$callAsync$5(SqliteConnectionOwner.java:138)
	at java.base/java.util.concurrent.ThreadPoolExecutor.runWorker(ThreadPoolExecutor.java:1144)
	at java.base/java.util.concurrent.ThreadPoolExecutor$Worker.run(ThreadPoolExecutor.java:642)
	at java.base/java.lang.Thread.run(Thread.java:1583)

[INFO] Tests run: 4, Failures: 0, Errors: 0, Skipped: 0, Time elapsed: 3.957 s -- in com.itemguard.services.ItemTrackingPublicationIntegrationTest
[INFO] Running com.itemguard.tracking.TagPublicationCollisionRetryTest
[INFO] Tests run: 8, Failures: 0, Errors: 0, Skipped: 0, Time elapsed: 0.021 s -- in com.itemguard.tracking.TagPublicationCollisionRetryTest
[INFO] 
[INFO] Results:
[INFO] 
[INFO] Tests run: 12, Failures: 0, Errors: 0, Skipped: 0
[INFO] 
[INFO] ------------------------------------------------------------------------
[INFO] BUILD SUCCESS
[INFO] ------------------------------------------------------------------------
[INFO] Total time:  13.889 s
[INFO] Finished at: 2026-09-09T14:52:56+07:00
[INFO] ------------------------------------------------------------------------
