java version "21.0.4" 2024-07-16 LTS
Java(TM) SE Runtime Environment (build 21.0.4+8-LTS-274)
Java HotSpot(TM) 64-Bit Server VM (build 21.0.4+8-LTS-274, mixed mode, sharing)
[INFO] Scanning for projects...
[INFO] 
[INFO] ----------------------< com.itemguard:ItemGuard >-----------------------
[INFO] Building ItemGuard 1.0.0
[INFO]   from pom.xml
[INFO] --------------------------------[ jar ]---------------------------------
[INFO] 
[INFO] --- resources:3.4.0:resources (default-resources) @ ItemGuard ---
[INFO] Copying 5 resources from src\main\resources to target\classes
[INFO] 
[INFO] --- compiler:3.13.0:compile (default-compile) @ ItemGuard ---
[INFO] Nothing to compile - all classes are up to date.
[INFO] 
[INFO] --- resources:3.4.0:testResources (default-testResources) @ ItemGuard ---
[INFO] skip non existing resourceDirectory E:\AI.WORK\ItemGuard\src\test\resources
[INFO] 
[INFO] --- compiler:3.13.0:testCompile (default-testCompile) @ ItemGuard ---
[INFO] Recompiling the module because of changed source code.
[INFO] Compiling 102 source files with javac [debug release 21] to target\test-classes
[INFO] Annotation processing is enabled because one or more processors were found
  on the class path. A future release of javac may disable annotation processing
  unless at least one processor is specified by name (-processor), or a search
  path is specified (--processor-path, --processor-module-path), or annotation
  processing is enabled explicitly (-proc:only, -proc:full).
  Use -Xlint:-options to suppress this message.
  Use -proc:none to disable annotation processing.
[WARNING] /E:/AI.WORK/ItemGuard/src/test/java/com/itemguard/catalog/CatalogUiLifecycleTest.java:[48,44] PlayerQuitEvent(org.bukkit.entity.Player,net.kyori.adventure.text.Component) in org.bukkit.event.player.PlayerQuitEvent has been deprecated and marked for removal
[INFO] /E:/AI.WORK/ItemGuard/src/test/java/com/itemguard/catalog/CatalogUiLifecycleTest.java: Some input files use or override a deprecated API.
[INFO] /E:/AI.WORK/ItemGuard/src/test/java/com/itemguard/catalog/CatalogUiLifecycleTest.java: Recompile with -Xlint:deprecation for details.
[INFO] 
[INFO] --- surefire:3.5.2:test (default-test) @ ItemGuard ---
[INFO] Using auto detected provider org.apache.maven.surefire.junitplatform.JUnitPlatformProvider
[INFO] 
[INFO] -------------------------------------------------------
[INFO]  T E S T S
[INFO] -------------------------------------------------------
[INFO] Running com.itemguard.services.ItemTrackingCodeGenerationTest
Mockito is currently self-attaching to enable the inline-mock-maker. This will no longer work in future releases of the JDK. Please add Mockito as an agent to your build what is described in Mockito's documentation: https://javadoc.io/doc/org.mockito/mockito-core/latest/org/mockito/Mockito.html#0.3
WARNING: A Java agent has been loaded dynamically (C:\Users\thanh\.m2\repository\net\bytebuddy\byte-buddy-agent\1.15.4\byte-buddy-agent-1.15.4.jar)
WARNING: If a serviceability tool is in use, please run with -XX:+EnableDynamicAgentLoading to hide this warning
WARNING: If a serviceability tool is not in use, please run with -Djdk.instrument.traceUsage for more information
WARNING: Dynamic loading of agents will be disallowed by default in a future release
Java HotSpot(TM) 64-Bit Server VM warning: Sharing is only supported for boot loader classes because bootstrap classpath has been appended
[ERROR] Tests run: 3, Failures: 1, Errors: 0, Skipped: 0, Time elapsed: 2.497 s <<< FAILURE! -- in com.itemguard.services.ItemTrackingCodeGenerationTest
[ERROR] com.itemguard.services.ItemTrackingCodeGenerationTest.invalidNegativeLorePositionDoesNotPreventTagging -- Time elapsed: 2.453 s <<< FAILURE!
org.opentest4j.AssertionFailedError: invalid lore position must not block identity publication ==> Unexpected exception thrown: java.lang.reflect.InvocationTargetException
	at org.junit.jupiter.api.AssertionFailureBuilder.build(AssertionFailureBuilder.java:152)
	at org.junit.jupiter.api.AssertDoesNotThrow.createAssertionFailedError(AssertDoesNotThrow.java:84)
	at org.junit.jupiter.api.AssertDoesNotThrow.assertDoesNotThrow(AssertDoesNotThrow.java:75)
	at org.junit.jupiter.api.AssertDoesNotThrow.assertDoesNotThrow(AssertDoesNotThrow.java:62)
	at org.junit.jupiter.api.Assertions.assertDoesNotThrow(Assertions.java:3280)
	at com.itemguard.services.ItemTrackingCodeGenerationTest.invalidNegativeLorePositionDoesNotPreventTagging(ItemTrackingCodeGenerationTest.java:74)
	at java.base/java.lang.reflect.Method.invoke(Method.java:580)
	at java.base/java.util.ArrayList.forEach(ArrayList.java:1596)
	at java.base/java.util.ArrayList.forEach(ArrayList.java:1596)
Caused by: java.lang.reflect.InvocationTargetException
	at java.base/jdk.internal.reflect.DirectMethodHandleAccessor.invoke(DirectMethodHandleAccessor.java:118)
	at java.base/java.lang.reflect.Method.invoke(Method.java:580)
	at com.itemguard.services.ItemTrackingCodeGenerationTest.lambda$invalidNegativeLorePositionDoesNotPreventTagging$2(ItemTrackingCodeGenerationTest.java:74)
	at org.junit.jupiter.api.AssertDoesNotThrow.assertDoesNotThrow(AssertDoesNotThrow.java:71)
	... 6 more
Caused by: java.lang.IndexOutOfBoundsException: Index: -2, Size: 1
	at java.base/java.util.ArrayList.rangeCheckForAdd(ArrayList.java:838)
	at java.base/java.util.ArrayList.add(ArrayList.java:510)
	at com.itemguard.services.ItemTrackingService.applyVisualTag(ItemTrackingService.java:632)
	at com.itemguard.services.ItemTrackingService.createTaggedClone(ItemTrackingService.java:294)
	at java.base/jdk.internal.reflect.DirectMethodHandleAccessor.invoke(DirectMethodHandleAccessor.java:103)
	... 9 more

[INFO] 
[INFO] Results:
[INFO] 
[ERROR] Failures: 
[ERROR]   ItemTrackingCodeGenerationTest.invalidNegativeLorePositionDoesNotPreventTagging:74 invalid lore position must not block identity publication ==> Unexpected exception thrown: java.lang.reflect.InvocationTargetException
[INFO] 
[ERROR] Tests run: 3, Failures: 1, Errors: 0, Skipped: 0
[INFO] 
[INFO] ------------------------------------------------------------------------
[INFO] BUILD FAILURE
[INFO] ------------------------------------------------------------------------
[INFO] Total time:  9.923 s
[INFO] Finished at: 2026-09-09T15:09:41+07:00
[INFO] ------------------------------------------------------------------------
[ERROR] Failed to execute goal org.apache.maven.plugins:maven-surefire-plugin:3.5.2:test (default-test) on project ItemGuard: There are test failures.
[ERROR] 
[ERROR] See E:\AI.WORK\ItemGuard\target\surefire-reports for the individual test results.
[ERROR] See dump files (if any exist) [date].dump, [date]-jvmRun[N].dump and [date].dumpstream.
[ERROR] -> [Help 1]
[ERROR] 
[ERROR] To see the full stack trace of the errors, re-run Maven with the -e switch.
[ERROR] Re-run Maven using the -X switch to enable full debug logging.
[ERROR] 
[ERROR] For more information about the errors and possible solutions, please read the following articles:
[ERROR] [Help 1] http://cwiki.apache.org/confluence/display/MAVEN/MojoFailureException
